=========================================================================
TableEntryTest: invalid PI
=========================================================================

-------------------------------------------------------------------------
empty PI
-------------------------------------------------------------------------


Subtest failed with error:
  NOT_FOUND: Key not found. Table ID 0 missing in P4Info.


